Loading WASM module...
WASM module initialized from plans/evidence/wasm_2026_09_21/pkg/chaotic_semantic_memory_bg.wasm

Testing hypervector utilities...

Testing WasmFramework APIs...
Framework ready
Injecting cat concept...
Injecting dog concept...
Associating cat -> dog...
Injected cat/dog concepts and association
Running probe...
Probe hits: [
  { id: 'cat', score: 1 },
  { id: 'dog', score: -0.0013672113418579102 }
]
Fetching associations...
Retrieving metrics snapshot...
Exported 2625 bytes
Testing importFromBytes round trip...
Successfully imported 2 concepts and verified associations

WASM smoke test passed.
